Hydrogen bonds:    -0.923774
H-H repulsion:      1.135331
Total:              0.211557

H4 gradient
      0.052767       0.333699      -0.218183
      0.000000       0.000000       0.000000
      0.000000       0.000000       0.000000
     -0.052767      -0.333699       0.218183
      0.000000       0.000000       0.000000
      0.000000       0.000000       0.000000

H-H repulsion gradient
      0.000000       0.000000       0.000000
      0.001435       0.010684      -0.027535
      0.109313       0.709516      -0.696904
      0.000000       0.000000       0.000000
      0.144620      -0.393341       0.359747
     -0.255369      -0.326860       0.364691

Total gradient
      0.052767       0.333699      -0.218183
      0.001435       0.010684      -0.027535
      0.109313       0.709516      -0.696904
     -0.052767      -0.333699       0.218183
      0.144620      -0.393341       0.359747
     -0.255369      -0.326860       0.364691
